// Jest Snapshot v1, https://goo.gl/fbAQLP

exports[`renders the list of all rules 1`] = `
<DocumentFragment>
  <div
    class="makeStyles-root-1"
  >
    <div
      class="makeStyles-searchBar-3"
    >
      <div
        class="MuiContainer-root MuiContainer-maxWidthMd"
      >
        <div
          class="MuiGrid-root MuiGrid-container"
        >
          <div
            class="MuiGrid-root MuiGrid-item MuiGrid-grid-xs-12"
          >
            <div
              class="MuiFormControl-root MuiTextField-root MuiFormControl-marginNormal MuiFormControl-fullWidth"
            >
              <label
                class="MuiFormLabel-root MuiInputLabel-root MuiInputLabel-formControl MuiInputLabel-animated MuiInputLabel-shrink MuiInputLabel-outlined Mui-focused Mui-focused"
                data-shrink="true"
                for="title-query"
                id="title-query-label"
              >
                Rule Title and Description
              </label>
              <div
                class="MuiInputBase-root MuiOutlinedInput-root MuiInputBase-fullWidth Mui-focused Mui-focused MuiInputBase-formControl"
              >
                <input
                  aria-invalid="false"
                  class="MuiInputBase-input MuiOutlinedInput-input"
                  id="title-query"
                  placeholder="Search in rule titles and descriptions"
                  type="text"
                  value=""
                />
                <fieldset
                  aria-hidden="true"
                  class="PrivateNotchedOutline-root-8 MuiOutlinedInput-notchedOutline"
                >
                  <legend
                    class="PrivateNotchedOutline-legendLabelled-10 PrivateNotchedOutline-legendNotched-11"
                  >
                    <span>
                      Rule Title and Description
                    </span>
                  </legend>
                </fieldset>
              </div>
            </div>
          </div>
          <div
            class="MuiGrid-root makeStyles-fullWidth-7 MuiGrid-container MuiGrid-spacing-xs-3 MuiGrid-item MuiGrid-grid-xs-12"
          >
            <div
              class="MuiGrid-root MuiGrid-item MuiGrid-grid-xs-3"
            >
              <div
                class="MuiFormControl-root MuiTextField-root MuiFormControl-marginNormal MuiFormControl-fullWidth"
                data-testid="rule-type"
              >
                <label
                  class="MuiFormLabel-root MuiInputLabel-root MuiInputLabel-formControl MuiInputLabel-animated MuiInputLabel-shrink MuiInputLabel-marginDense MuiInputLabel-outlined MuiFormLabel-filled"
                  data-shrink="true"
                >
                  Rule type
                </label>
                <div
                  class="MuiInputBase-root MuiOutlinedInput-root MuiInputBase-fullWidth MuiInputBase-formControl MuiInputBase-marginDense MuiOutlinedInput-marginDense"
                >
                  <div
                    aria-haspopup="listbox"
                    class="MuiSelect-root MuiSelect-select MuiSelect-selectMenu MuiSelect-outlined MuiInputBase-input MuiOutlinedInput-input MuiInputBase-inputMarginDense MuiOutlinedInput-inputMarginDense"
                    role="button"
                    tabindex="0"
                  >
                    Any
                  </div>
                  <input
                    aria-hidden="true"
                    class="MuiSelect-nativeInput"
                    tabindex="-1"
                    value="ANY"
                  />
                  <svg
                    aria-hidden="true"
                    class="MuiSvgIcon-root MuiSelect-icon MuiSelect-iconOutlined"
                    focusable="false"
                    viewBox="0 0 24 24"
                  >
                    <path
                      d="M7 10l5 5 5-5z"
                    />
                  </svg>
                  <fieldset
                    aria-hidden="true"
                    class="PrivateNotchedOutline-root-8 MuiOutlinedInput-notchedOutline"
                  >
                    <legend
                      class="PrivateNotchedOutline-legendLabelled-10 PrivateNotchedOutline-legendNotched-11"
                    >
                      <span>
                        Rule type
                      </span>
                    </legend>
                  </fieldset>
                </div>
              </div>
            </div>
            <div
              class="MuiGrid-root MuiGrid-item MuiGrid-grid-xs-5"
            >
              <div
                class="MuiFormControl-root MuiTextField-root MuiFormControl-marginNormal MuiFormControl-fullWidth"
                data-testid="rule-tags"
              >
                <label
                  class="MuiFormLabel-root MuiInputLabel-root MuiInputLabel-formControl MuiInputLabel-animated MuiInputLabel-marginDense MuiInputLabel-outlined"
                  data-shrink="false"
                >
                  Rule Tags
                </label>
                <div
                  class="MuiInputBase-root MuiOutlinedInput-root MuiInputBase-fullWidth MuiInputBase-formControl MuiInputBase-marginDense MuiOutlinedInput-marginDense"
                >
                  <div
                    aria-haspopup="listbox"
                    class="MuiSelect-root MuiSelect-select MuiSelect-selectMenu MuiSelect-outlined MuiInputBase-input MuiOutlinedInput-input MuiInputBase-inputMarginDense MuiOutlinedInput-inputMarginDense"
                    role="button"
                    tabindex="0"
                  >
                    <span>
                      â€‹
                    </span>
                  </div>
                  <input
                    aria-hidden="true"
                    class="MuiSelect-nativeInput"
                    tabindex="-1"
                    value=""
                  />
                  <svg
                    aria-hidden="true"
                    class="MuiSvgIcon-root MuiSelect-icon MuiSelect-iconOutlined"
                    focusable="false"
                    viewBox="0 0 24 24"
                  >
                    <path
                      d="M7 10l5 5 5-5z"
                    />
                  </svg>
                  <fieldset
                    aria-hidden="true"
                    class="PrivateNotchedOutline-root-8 MuiOutlinedInput-notchedOutline"
                  >
                    <legend
                      class="PrivateNotchedOutline-legendLabelled-10"
                    >
                      <span>
                        Rule Tags
                      </span>
                    </legend>
                  </fieldset>
                </div>
              </div>
            </div>
            <div
              class="MuiGrid-root MuiGrid-item MuiGrid-grid-xs-4"
            >
              <div
                class="MuiFormControl-root MuiTextField-root MuiFormControl-marginNormal MuiFormControl-fullWidth"
                data-testid="rule-language"
              >
                <label
                  class="MuiFormLabel-root MuiInputLabel-root MuiInputLabel-formControl MuiInputLabel-animated MuiInputLabel-shrink MuiInputLabel-marginDense MuiInputLabel-outlined MuiFormLabel-filled"
                  data-shrink="true"
                >
                  Language
                </label>
                <div
                  class="MuiInputBase-root MuiOutlinedInput-root MuiInputBase-fullWidth MuiInputBase-formControl MuiInputBase-marginDense MuiOutlinedInput-marginDense"
                >
                  <div
                    aria-haspopup="listbox"
                    class="MuiSelect-root MuiSelect-select MuiSelect-selectMenu MuiSelect-outlined MuiInputBase-input MuiOutlinedInput-input MuiInputBase-inputMarginDense MuiOutlinedInput-inputMarginDense"
                    role="button"
                    tabindex="0"
                  >
                    Any
                  </div>
                  <input
                    aria-hidden="true"
                    class="MuiSelect-nativeInput"
                    tabindex="-1"
                    value="ANY"
                  />
                  <svg
                    aria-hidden="true"
                    class="MuiSvgIcon-root MuiSelect-icon MuiSelect-iconOutlined"
                    focusable="false"
                    viewBox="0 0 24 24"
                  >
                    <path
                      d="M7 10l5 5 5-5z"
                    />
                  </svg>
                  <fieldset
                    aria-hidden="true"
                    class="PrivateNotchedOutline-root-8 MuiOutlinedInput-notchedOutline"
                  >
                    <legend
                      class="PrivateNotchedOutline-legendLabelled-10 PrivateNotchedOutline-legendNotched-11"
                    >
                      <span>
                        Language
                      </span>
                    </legend>
                  </fieldset>
                </div>
              </div>
            </div>
          </div>
          <div
            class="MuiGrid-root MuiGrid-item MuiGrid-grid-xs-12"
          >
            <div
              class="MuiFormControl-root MuiTextField-root MuiFormControl-marginNormal MuiFormControl-fullWidth"
              data-testid="rule-default-quality-profile"
            >
              <label
                class="MuiFormLabel-root MuiInputLabel-root MuiInputLabel-formControl MuiInputLabel-animated MuiInputLabel-marginDense MuiInputLabel-outlined"
                data-shrink="false"
              >
                Default Quality Profiles
              </label>
              <div
                class="MuiInputBase-root MuiOutlinedInput-root MuiInputBase-fullWidth MuiInputBase-formControl MuiInputBase-marginDense MuiOutlinedInput-marginDense"
              >
                <div
                  aria-haspopup="listbox"
                  class="MuiSelect-root MuiSelect-select MuiSelect-selectMenu MuiSelect-outlined MuiInputBase-input MuiOutlinedInput-input MuiInputBase-inputMarginDense MuiOutlinedInput-inputMarginDense"
                  role="button"
                  tabindex="0"
                >
                  <span>
                    â€‹
                  </span>
                </div>
                <input
                  aria-hidden="true"
                  class="MuiSelect-nativeInput"
                  tabindex="-1"
                  value=""
                />
                <svg
                  aria-hidden="true"
                  class="MuiSvgIcon-root MuiSelect-icon MuiSelect-iconOutlined"
                  focusable="false"
                  viewBox="0 0 24 24"
                >
                  <path
                    d="M7 10l5 5 5-5z"
                  />
                </svg>
                <fieldset
                  aria-hidden="true"
                  class="PrivateNotchedOutline-root-8 MuiOutlinedInput-notchedOutline"
                >
                  <legend
                    class="PrivateNotchedOutline-legendLabelled-10"
                  >
                    <span>
                      Default Quality Profiles
                    </span>
                  </legend>
                </fieldset>
              </div>
            </div>
          </div>
        </div>
      </div>
    </div>
    <div
      class="makeStyles-searchResults-4"
    >
      <div
        class="MuiContainer-root MuiContainer-maxWidthMd"
      >
        <div
          class="MuiGrid-root MuiGrid-container MuiGrid-spacing-xs-3"
        >
          <div
            class="MuiGrid-root MuiGrid-item MuiGrid-grid-xs-12"
          >
            <div
              class="MuiBox-root MuiBox-root-12 makeStyles-topRow-5"
            >
              <div
                class="MuiBox-root MuiBox-root-13 makeStyles-resultsCount-6"
              >
                <h6
                  class="MuiTypography-root MuiTypography-subtitle1"
                >
                  Number of rules found: 5
                </h6>
              </div>
            </div>
            <div
              class="MuiBox-root MuiBox-root-14 makeStyles-searchHitBox-2"
            >
              <div
                class="MuiPaper-root MuiCard-root makeStyles-searchHit-15 MuiPaper-outlined MuiPaper-rounded"
              >
                <div
                  class="MuiCardContent-root"
                >
                  <h5
                    class="MuiTypography-root makeStyles-ruleid-16  MuiTypography-h5 MuiTypography-gutterBottom"
                  >
                    <a
                      class="MuiTypography-root MuiLink-root MuiLink-underlineHover MuiTypography-colorPrimary"
                      data-testid="search-hit-S1000"
                      href="/S1000"
                    >
                      <div>
                         Rule S1000 
                      </div>
                    </a>
                  </h5>
                  <p
                    class="MuiTypography-root MuiTypography-body1 MuiTypography-gutterBottom"
                  >
                    Header files should not contain unnamed namespaces
                  </p>
                  <div
                    class="MuiTableContainer-root"
                  >
                    <table
                      class="MuiTable-root"
                    >
                      <tbody
                        class="MuiTableBody-root"
                      >
                        <tr
                          class="MuiTableRow-root"
                        >
                          <td
                            class="MuiTableCell-root makeStyles-coveredTitle-24 MuiTableCell-body"
                          >
                            Covered
                          </td>
                          <td
                            class="MuiTableCell-root makeStyles-coveredMarker-25 MuiTableCell-body"
                          >
                            <a
                              class="MuiTypography-root MuiLink-root MuiLink-underlineHover MuiTypography-colorPrimary"
                              href="/S1000/cfamily"
                              style="text-decoration: none;"
                            >
                              <div
                                class="MuiButtonBase-root MuiChip-root makeStyles-coveredLanguageChip-19 MuiChip-colorPrimary MuiChip-clickableColorPrimary MuiChip-clickable"
                                role="button"
                                tabindex="0"
                              >
                                <span
                                  class="MuiChip-label"
                                >
                                  cfamily
                                </span>
                                <span
                                  class="MuiTouchRipple-root"
                                />
                              </div>
                            </a>
                          </td>
                        </tr>
                      </tbody>
                    </table>
                  </div>
                </div>
              </div>
            </div>
            <div
              class="MuiBox-root MuiBox-root-34 makeStyles-searchHitBox-2"
            >
              <div
                class="MuiPaper-root MuiCard-root makeStyles-searchHit-15 MuiPaper-outlined MuiPaper-rounded"
              >
                <div
                  class="MuiCardContent-root"
                >
                  <h5
                    class="MuiTypography-root makeStyles-ruleid-16 makeStyles-avoid-17 MuiTypography-h5 MuiTypography-gutterBottom"
                  >
                    <a
                      class="MuiTypography-root MuiLink-root MuiLink-underlineHover MuiTypography-colorPrimary"
                      data-testid="search-hit-S1007"
                      href="/S1007"
                    >
                      <div>
                         Rule S1007 
                      </div>
                    </a>
                  </h5>
                  <p
                    class="MuiTypography-root MuiTypography-body1 MuiTypography-gutterBottom"
                  >
                    When the absolute positioning of bits representing a bit-field is required, then the behaviour and packing of bit-fields shall be documented
                  </p>
                  <div
                    class="MuiTableContainer-root"
                  >
                    <table
                      class="MuiTable-root"
                    >
                      <tbody
                        class="MuiTableBody-root"
                      >
                        <tr
                          class="MuiTableRow-root"
                        >
                          <td
                            class="MuiTableCell-root makeStyles-closedTitle-32 MuiTableCell-body"
                          >
                            Closed
                          </td>
                          <td
                            class="MuiTableCell-root makeStyles-closedMarker-33 MuiTableCell-body"
                          >
                            <a
                              class="MuiTypography-root MuiLink-root MuiLink-underlineHover MuiTypography-colorPrimary"
                              href="/S1007/cfamily"
                              style="text-decoration: none;"
                            >
                              <div
                                class="MuiButtonBase-root MuiChip-root makeStyles-closedLanguageChip-23 MuiChip-colorPrimary MuiChip-clickableColorPrimary MuiChip-clickable"
                                role="button"
                                tabindex="0"
                              >
                                <span
                                  class="MuiChip-label"
                                >
                                  cfamily
                                </span>
                                <span
                                  class="MuiTouchRipple-root"
                                />
                              </div>
                            </a>
                          </td>
                        </tr>
                      </tbody>
                    </table>
                  </div>
                </div>
              </div>
            </div>
            <div
              class="MuiBox-root MuiBox-root-35 makeStyles-searchHitBox-2"
            >
              <div
                class="MuiPaper-root MuiCard-root makeStyles-searchHit-15 MuiPaper-outlined MuiPaper-rounded"
              >
                <div
                  class="MuiCardContent-root"
                >
                  <h5
                    class="MuiTypography-root makeStyles-ruleid-16  MuiTypography-h5 MuiTypography-gutterBottom"
                  >
                    <a
                      class="MuiTypography-root MuiLink-root MuiLink-underlineHover MuiTypography-colorPrimary"
                      data-testid="search-hit-S3457"
                      href="/S3457"
                    >
                      <div>
                         Rule S3457 
                      </div>
                    </a>
                  </h5>
                  <p
                    class="MuiTypography-root MuiTypography-body1 MuiTypography-gutterBottom"
                  >
                    Composite format strings should be used correctly
                  </p>
                  <p
                    class="MuiTypography-root MuiTypography-body1 MuiTypography-gutterBottom"
                  >
                    Printf-style format strings should be used correctly
                  </p>
                  <p
                    class="MuiTypography-root MuiTypography-body1 MuiTypography-gutterBottom"
                  >
                    String formatting should be used correctly
                  </p>
                  <div
                    class="MuiTableContainer-root"
                  >
                    <table
                      class="MuiTable-root"
                    >
                      <tbody
                        class="MuiTableBody-root"
                      >
                        <tr
                          class="MuiTableRow-root"
                        >
                          <td
                            class="MuiTableCell-root makeStyles-coveredTitle-24 MuiTableCell-body"
                          >
                            Covered
                          </td>
                          <td
                            class="MuiTableCell-root makeStyles-coveredMarker-25 MuiTableCell-body"
                          >
                            <a
                              class="MuiTypography-root MuiLink-root MuiLink-underlineHover MuiTypography-colorPrimary"
                              href="/S3457/cfamily"
                              style="text-decoration: none;"
                            >
                              <div
                                class="MuiButtonBase-root MuiChip-root makeStyles-coveredLanguageChip-19 MuiChip-colorPrimary MuiChip-clickableColorPrimary MuiChip-clickable"
                                role="button"
                                tabindex="0"
                              >
                                <span
                                  class="MuiChip-label"
                                >
                                  cfamily
                                </span>
                                <span
                                  class="MuiTouchRipple-root"
                                />
                              </div>
                            </a>
                          </td>
                        </tr>
                        <tr
                          class="MuiTableRow-root"
                        >
                          <td
                            class="MuiTableCell-root makeStyles-targetedTitle-26 MuiTableCell-body"
                          >
                            Targeted
                          </td>
                          <td
                            class="MuiTableCell-root makeStyles-targetedMarker-27 MuiTableCell-body"
                          >
                            <a
                              class="MuiTypography-root MuiLink-root MuiLink-underlineHover MuiTypography-colorPrimary"
                              href="/S3457/csharp"
                              style="text-decoration: none;"
                            >
                              <div
                                class="MuiButtonBase-root MuiChip-root makeStyles-targetedLanguageChip-20 MuiChip-colorPrimary MuiChip-clickableColorPrimary MuiChip-outlined MuiChip-outlinedPrimary MuiChip-clickable"
                                role="button"
                                tabindex="0"
                              >
                                <span
                                  class="MuiChip-label"
                                >
                                  csharp
                                </span>
                                <span
                                  class="MuiTouchRipple-root"
                                />
                              </div>
                            </a>
                          </td>
                        </tr>
                        <tr
                          class="MuiTableRow-root"
                        >
                          <td
                            class="MuiTableCell-root makeStyles-removedTitle-28 MuiTableCell-body"
                          >
                            Removed
                          </td>
                          <td
                            class="MuiTableCell-root makeStyles-removedMarker-29 MuiTableCell-body"
                          >
                            <a
                              class="MuiTypography-root MuiLink-root MuiLink-underlineHover MuiTypography-colorPrimary"
                              href="/S3457/python"
                              style="text-decoration: none;"
                            >
                              <div
                                class="MuiButtonBase-root MuiChip-root makeStyles-removedLanguageChip-21 MuiChip-colorPrimary MuiChip-clickableColorPrimary MuiChip-clickable"
                                role="button"
                                tabindex="0"
                              >
                                <span
                                  class="MuiChip-label"
                                >
                                  python
                                </span>
                                <span
                                  class="MuiTouchRipple-root"
                                />
                              </div>
                            </a>
                          </td>
                        </tr>
                        <tr
                          class="MuiTableRow-root"
                        >
                          <td
                            class="MuiTableCell-root makeStyles-closedTitle-32 MuiTableCell-body"
                          >
                            Closed
                          </td>
                          <td
                            class="MuiTableCell-root makeStyles-closedMarker-33 MuiTableCell-body"
                          >
                            <a
                              class="MuiTypography-root MuiLink-root MuiLink-underlineHover MuiTypography-colorPrimary"
                              href="/S3457/java"
                              style="text-decoration: none;"
                            >
                              <div
                                class="MuiButtonBase-root MuiChip-root makeStyles-closedLanguageChip-23 MuiChip-colorPrimary MuiChip-clickableColorPrimary MuiChip-clickable"
                                role="button"
                                tabindex="0"
                              >
                                <span
                                  class="MuiChip-label"
                                >
                                  java
                                </span>
                                <span
                                  class="MuiTouchRipple-root"
                                />
                              </div>
                            </a>
                          </td>
                        </tr>
                      </tbody>
                    </table>
                  </div>
                </div>
              </div>
            </div>
            <div
              class="MuiBox-root MuiBox-root-36 makeStyles-searchHitBox-2"
            >
              <div
                class="MuiPaper-root MuiCard-root makeStyles-searchHit-15 MuiPaper-outlined MuiPaper-rounded"
              >
                <div
                  class="MuiCardContent-root"
                >
                  <h5
                    class="MuiTypography-root makeStyles-ruleid-16  MuiTypography-h5 MuiTypography-gutterBottom"
                  >
                    <a
                      class="MuiTypography-root MuiLink-root MuiLink-underlineHover MuiTypography-colorPrimary"
                      data-testid="search-hit-S3649"
                      href="/S3649"
                    >
                      <div>
                         Rule S3649 
                      </div>
                    </a>
                  </h5>
                  <p
                    class="MuiTypography-root MuiTypography-body1 MuiTypography-gutterBottom"
                  >
                    Database queries should not be vulnerable to injection attacks
                  </p>
                  <div
                    class="MuiTableContainer-root"
                  >
                    <table
                      class="MuiTable-root"
                    >
                      <tbody
                        class="MuiTableBody-root"
                      >
                        <tr
                          class="MuiTableRow-root"
                        >
                          <td
                            class="MuiTableCell-root makeStyles-targetedTitle-26 MuiTableCell-body"
                          >
                            Targeted
                          </td>
                          <td
                            class="MuiTableCell-root makeStyles-targetedMarker-27 MuiTableCell-body"
                          >
                            <a
                              class="MuiTypography-root MuiLink-root MuiLink-underlineHover MuiTypography-colorPrimary"
                              href="/S3649/java"
                              style="text-decoration: none;"
                            >
                              <div
                                class="MuiButtonBase-root MuiChip-root makeStyles-targetedLanguageChip-20 MuiChip-colorPrimary MuiChip-clickableColorPrimary MuiChip-outlined MuiChip-outlinedPrimary MuiChip-clickable"
                                role="button"
                                tabindex="0"
                              >
                                <span
                                  class="MuiChip-label"
                                >
                                  java
                                </span>
                                <span
                                  class="MuiTouchRipple-root"
                                />
                              </div>
                            </a>
                          </td>
                        </tr>
                      </tbody>
                    </table>
                  </div>
                </div>
              </div>
            </div>
            <div
              class="MuiBox-root MuiBox-root-37 makeStyles-searchHitBox-2"
            >
              <div
                class="MuiPaper-root MuiCard-root makeStyles-searchHit-15 MuiPaper-outlined MuiPaper-rounded"
              >
                <div
                  class="MuiCardContent-root"
                >
                  <h5
                    class="MuiTypography-root makeStyles-ruleid-16  MuiTypography-h5 MuiTypography-gutterBottom"
                  >
                    <a
                      class="MuiTypography-root MuiLink-root MuiLink-underlineHover MuiTypography-colorPrimary"
                      data-testid="search-hit-S987"
                      href="/S987"
                    >
                      <div>
                         Rule S987 
                      </div>
                    </a>
                  </h5>
                  <p
                    class="MuiTypography-root MuiTypography-body1 MuiTypography-gutterBottom"
                  >
                    "&lt;signal.h&gt;" should not be used
                  </p>
                  <div
                    class="MuiTableContainer-root"
                  >
                    <table
                      class="MuiTable-root"
                    >
                      <tbody
                        class="MuiTableBody-root"
                      >
                        <tr
                          class="MuiTableRow-root"
                        >
                          <td
                            class="MuiTableCell-root makeStyles-coveredTitle-24 MuiTableCell-body"
                          >
                            Covered
                          </td>
                          <td
                            class="MuiTableCell-root makeStyles-coveredMarker-25 MuiTableCell-body"
                          >
                            <a
                              class="MuiTypography-root MuiLink-root MuiLink-underlineHover MuiTypography-colorPrimary"
                              href="/S987/cfamily"
                              style="text-decoration: none;"
                            >
                              <div
                                class="MuiButtonBase-root MuiChip-root makeStyles-coveredLanguageChip-19 MuiChip-colorPrimary MuiChip-clickableColorPrimary MuiChip-clickable"
                                role="button"
                                tabindex="0"
                              >
                                <span
                                  class="MuiChip-label"
                                >
                                  cfamily
                                </span>
                                <span
                                  class="MuiTouchRipple-root"
                                />
                              </div>
                            </a>
                          </td>
                        </tr>
                      </tbody>
                    </table>
                  </div>
                </div>
              </div>
            </div>
            <nav
              aria-label="pagination navigation"
              class="MuiPagination-root"
            >
              <ul
                class="MuiPagination-ul"
              >
                <li>
                  <button
                    aria-label="Go to previous page"
                    class="MuiButtonBase-root MuiPaginationItem-root MuiPaginationItem-page Mui-disabled Mui-disabled"
                    disabled=""
                    tabindex="-1"
                    type="button"
                  >
                    <svg
                      aria-hidden="true"
                      class="MuiSvgIcon-root MuiPaginationItem-icon"
                      focusable="false"
                      viewBox="0 0 24 24"
                    >
                      <path
                        d="M15.41 7.41L14 6l-6 6 6 6 1.41-1.41L10.83 12z"
                      />
                    </svg>
                  </button>
                </li>
                <li>
                  <button
                    aria-current="true"
                    aria-label="page 1"
                    class="MuiButtonBase-root MuiPaginationItem-root MuiPaginationItem-page Mui-selected"
                    tabindex="0"
                    type="button"
                  >
                    1
                    <span
                      class="MuiTouchRipple-root"
                    />
                  </button>
                </li>
                <li>
                  <button
                    aria-label="Go to next page"
                    class="MuiButtonBase-root MuiPaginationItem-root MuiPaginationItem-page Mui-disabled Mui-disabled"
                    disabled=""
                    tabindex="-1"
                    type="button"
                  >
                    <svg
                      aria-hidden="true"
                      class="MuiSvgIcon-root MuiPaginationItem-icon"
                      focusable="false"
                      viewBox="0 0 24 24"
                    >
                      <path
                        d="M10 6L8.59 7.41 13.17 12l-4.58 4.59L10 18l6-6z"
                      />
                    </svg>
                  </button>
                </li>
              </ul>
            </nav>
          </div>
        </div>
      </div>
    </div>
  </div>
</DocumentFragment>
`;
